// Jest Snapshot v1, https://goo.gl/fbAQLP

exports[`nodebalancers/nodebalancer/layouts/SettingsPage should render without error 1`] = `
ShallowWrapper {
  "length": 1,
  Symbol(enzyme.__root__): [Circular],
  Symbol(enzyme.__unrendered__): <SettingsPage
    dispatch={[Function]}
    nodebalancer={
      Object {
        "_configs": Object {
          "configs": Object {
            "1": Object {
              "_nodes": Object {
                "nodes": Object {
                  "1": Object {
                    "address": "192.168.4.5:80",
                    "config_id": 0,
                    "id": 1,
                    "label": "greatest_node_ever",
                    "mode": "accept",
                    "nodebalancer_id": 23,
                    "status": "online",
                    "weight": 40,
                  },
                },
              },
              "algorithm": "roundrobin",
              "check": "none",
              "check_attempts": 3,
              "check_body": "",
              "check_interval": 0,
              "check_passive": true,
              "check_path": "",
              "check_timeout": 30,
              "cipher_suite": "recommended",
              "id": 1,
              "nodebalancer_id": 23,
              "nodes_status": Object {
                "down": 0,
                "up": 1,
              },
              "port": 80,
              "protocol": "http",
              "stickiness": "none",
            },
            "2": Object {
              "algorithm": "roundrobin",
              "check": "none",
              "check_attempts": 3,
              "check_body": "",
              "check_interval": 0,
              "check_passive": true,
              "check_path": "",
              "check_timeout": 30,
              "cipher_suite": "recommended",
              "id": 2,
              "nodebalancer_id": 23,
              "nodes_status": Object {
                "down": 0,
                "up": 0,
              },
              "port": 81,
              "protocol": "http",
              "stickiness": "none",
            },
          },
        },
        "client_conn_throttle": 0,
        "created": "2017-03-03T18:08:44",
        "hostname": "nb-1-1-1-1.newark.nodebalancer.linode.com",
        "id": 23,
        "ipv4": "1.1.1.1",
        "label": "nodebalancer-1",
        "region": "us-east-1a",
        "status": "new_active",
        "updated": "2017-03-06T22:00:48",
      }
    }
  />,
  Symbol(enzyme.__renderer__): Object {
    "batchedUpdates": [Function],
    "getNode": [Function],
    "render": [Function],
    "simulateEvent": [Function],
    "unmount": [Function],
  },
  Symbol(enzyme.__node__): Object {
    "instance": null,
    "key": undefined,
    "nodeType": "function",
    "props": Object {
      "children": <Form
        analytics={
          Object {
            "title": "NodeBalancer Settings",
          }
        }
        className=""
        noSubmitEvent={false}
        onSubmit={[Function]}
      >
        <div
          className="row"
        >
          <label
            className="col-sm-3 row-label"
          >
            Hostname
          </label>
          <div
            className="col-sm-9"
          >
            nb-1-1-1-1.newark.nodebalancer.linode.com
          </div>
        </div>
        <FormGroup
          className="row"
          errors={Object {}}
          name="label"
        >
          <label
            className="col-sm-3 col-form-label"
            htmlFor="label"
          >
            Label
          </label>
          <div
            className="col-sm-9"
          >
            <Input
              className=""
              id="label"
              name="label"
              onChange={[Function]}
              value="nodebalancer-1"
            />
            <FormGroupError
              className=""
              errors={Object {}}
              inline={true}
              name="label"
            />
          </div>
        </FormGroup>
        <FormGroup
          className="row"
          errors={Object {}}
          name="client_conn_throttle"
        >
          <label
            className="col-sm-3 col-form-label"
            htmlFor="client_conn_throttle"
          >
            Client Connection Throttle
          </label>
          <div
            className="col-sm-9"
          >
            <Input
              className=""
              id="client_conn_throttle"
              name="client_conn_throttle"
              onChange={[Function]}
              type="number"
              value={0}
            />
            <FormGroupError
              className=""
              errors={Object {}}
              inline={true}
              name="client_conn_throttle"
            />
            <div>
              <small
                className="text-muted"
              >
                To help mitigate abuse, throttle connections from a single client IP to this number per second. 0 to disable.
              </small>
            </div>
          </div>
        </FormGroup>
        <FormGroup
          className="row"
        >
          <div
            className="offset-sm-3 col-sm-9"
          >
            <SubmitButton
              className="btn-default"
              disabled={false}
              disabledChildren="Saving"
            >
              Save
            </SubmitButton>
            <FormSummary
              className=""
              errors={Object {}}
              success="Settings saved."
            />
          </div>
        </FormGroup>
      </Form>,
      "className": "",
    },
    "ref": null,
    "rendered": Object {
      "instance": null,
      "key": undefined,
      "nodeType": "function",
      "props": Object {
        "analytics": Object {
          "title": "NodeBalancer Settings",
        },
        "children": Array [
          <div
            className="row"
          >
            <label
              className="col-sm-3 row-label"
            >
              Hostname
            </label>
            <div
              className="col-sm-9"
            >
              nb-1-1-1-1.newark.nodebalancer.linode.com
            </div>
          </div>,
          <FormGroup
            className="row"
            errors={Object {}}
            name="label"
          >
            <label
              className="col-sm-3 col-form-label"
              htmlFor="label"
            >
              Label
            </label>
            <div
              className="col-sm-9"
            >
              <Input
                className=""
                id="label"
                name="label"
                onChange={[Function]}
                value="nodebalancer-1"
              />
              <FormGroupError
                className=""
                errors={Object {}}
                inline={true}
                name="label"
              />
            </div>
          </FormGroup>,
          <FormGroup
            className="row"
            errors={Object {}}
            name="client_conn_throttle"
          >
            <label
              className="col-sm-3 col-form-label"
              htmlFor="client_conn_throttle"
            >
              Client Connection Throttle
            </label>
            <div
              className="col-sm-9"
            >
              <Input
                className=""
                id="client_conn_throttle"
                name="client_conn_throttle"
                onChange={[Function]}
                type="number"
                value={0}
              />
              <FormGroupError
                className=""
                errors={Object {}}
                inline={true}
                name="client_conn_throttle"
              />
              <div>
                <small
                  className="text-muted"
                >
                  To help mitigate abuse, throttle connections from a single client IP to this number per second. 0 to disable.
                </small>
              </div>
            </div>
          </FormGroup>,
          <FormGroup
            className="row"
          >
            <div
              className="offset-sm-3 col-sm-9"
            >
              <SubmitButton
                className="btn-default"
                disabled={false}
                disabledChildren="Saving"
              >
                Save
              </SubmitButton>
              <FormSummary
                className=""
                errors={Object {}}
                success="Settings saved."
              />
            </div>
          </FormGroup>,
        ],
        "className": "",
        "noSubmitEvent": false,
        "onSubmit": [Function],
      },
      "ref": null,
      "rendered": Array [
        Object {
          "instance": null,
          "key": undefined,
          "nodeType": "host",
          "props": Object {
            "children": Array [
              <label
                className="col-sm-3 row-label"
              >
                Hostname
              </label>,
              <div
                className="col-sm-9"
              >
                nb-1-1-1-1.newark.nodebalancer.linode.com
              </div>,
            ],
            "className": "row",
          },
          "ref": null,
          "rendered": Array [
            Object {
              "instance": null,
              "key": undefined,
              "nodeType": "host",
              "props": Object {
                "children": "Hostname",
                "className": "col-sm-3 row-label",
              },
              "ref": null,
              "rendered": "Hostname",
              "type": "label",
            },
            Object {
              "instance": null,
              "key": undefined,
              "nodeType": "host",
              "props": Object {
                "children": "nb-1-1-1-1.newark.nodebalancer.linode.com",
                "className": "col-sm-9",
              },
              "ref": null,
              "rendered": "nb-1-1-1-1.newark.nodebalancer.linode.com",
              "type": "div",
            },
          ],
          "type": "div",
        },
        Object {
          "instance": null,
          "key": undefined,
          "nodeType": "function",
          "props": Object {
            "children": Array [
              <label
                className="col-sm-3 col-form-label"
                htmlFor="label"
              >
                Label
              </label>,
              <div
                className="col-sm-9"
              >
                <Input
                  className=""
                  id="label"
                  name="label"
                  onChange={[Function]}
                  value="nodebalancer-1"
                />
                <FormGroupError
                  className=""
                  errors={Object {}}
                  inline={true}
                  name="label"
                />
              </div>,
            ],
            "className": "row",
            "errors": Object {},
            "name": "label",
          },
          "ref": null,
          "rendered": Array [
            Object {
              "instance": null,
              "key": undefined,
              "nodeType": "host",
              "props": Object {
                "children": "Label",
                "className": "col-sm-3 col-form-label",
                "htmlFor": "label",
              },
              "ref": null,
              "rendered": "Label",
              "type": "label",
            },
            Object {
              "instance": null,
              "key": undefined,
              "nodeType": "host",
              "props": Object {
                "children": Array [
                  <Input
                    className=""
                    id="label"
                    name="label"
                    onChange={[Function]}
                    value="nodebalancer-1"
                  />,
                  <FormGroupError
                    className=""
                    errors={Object {}}
                    inline={true}
                    name="label"
                  />,
                ],
                "className": "col-sm-9",
              },
              "ref": null,
              "rendered": Array [
                Object {
                  "instance": null,
                  "key": undefined,
                  "nodeType": "function",
                  "props": Object {
                    "className": "",
                    "id": "label",
                    "name": "label",
                    "onChange": [Function],
                    "value": "nodebalancer-1",
                  },
                  "ref": null,
                  "rendered": null,
                  "type": [Function],
                },
                Object {
                  "instance": null,
                  "key": undefined,
                  "nodeType": "function",
                  "props": Object {
                    "className": "",
                    "errors": Object {},
                    "inline": true,
                    "name": "label",
                  },
                  "ref": null,
                  "rendered": null,
                  "type": [Function],
                },
              ],
              "type": "div",
            },
          ],
          "type": [Function],
        },
        Object {
          "instance": null,
          "key": undefined,
          "nodeType": "function",
          "props": Object {
            "children": Array [
              <label
                className="col-sm-3 col-form-label"
                htmlFor="client_conn_throttle"
              >
                Client Connection Throttle
              </label>,
              <div
                className="col-sm-9"
              >
                <Input
                  className=""
                  id="client_conn_throttle"
                  name="client_conn_throttle"
                  onChange={[Function]}
                  type="number"
                  value={0}
                />
                <FormGroupError
                  className=""
                  errors={Object {}}
                  inline={true}
                  name="client_conn_throttle"
                />
                <div>
                  <small
                    className="text-muted"
                  >
                    To help mitigate abuse, throttle connections from a single client IP to this number per second. 0 to disable.
                  </small>
                </div>
              </div>,
            ],
            "className": "row",
            "errors": Object {},
            "name": "client_conn_throttle",
          },
          "ref": null,
          "rendered": Array [
            Object {
              "instance": null,
              "key": undefined,
              "nodeType": "host",
              "props": Object {
                "children": "Client Connection Throttle",
                "className": "col-sm-3 col-form-label",
                "htmlFor": "client_conn_throttle",
              },
              "ref": null,
              "rendered": "Client Connection Throttle",
              "type": "label",
            },
            Object {
              "instance": null,
              "key": undefined,
              "nodeType": "host",
              "props": Object {
                "children": Array [
                  <Input
                    className=""
                    id="client_conn_throttle"
                    name="client_conn_throttle"
                    onChange={[Function]}
                    type="number"
                    value={0}
                  />,
                  <FormGroupError
                    className=""
                    errors={Object {}}
                    inline={true}
                    name="client_conn_throttle"
                  />,
                  <div>
                    <small
                      className="text-muted"
                    >
                      To help mitigate abuse, throttle connections from a single client IP to this number per second. 0 to disable.
                    </small>
                  </div>,
                ],
                "className": "col-sm-9",
              },
              "ref": null,
              "rendered": Array [
                Object {
                  "instance": null,
                  "key": undefined,
                  "nodeType": "function",
                  "props": Object {
                    "className": "",
                    "id": "client_conn_throttle",
                    "name": "client_conn_throttle",
                    "onChange": [Function],
                    "type": "number",
                    "value": 0,
                  },
                  "ref": null,
                  "rendered": null,
                  "type": [Function],
                },
                Object {
                  "instance": null,
                  "key": undefined,
                  "nodeType": "function",
                  "props": Object {
                    "className": "",
                    "errors": Object {},
                    "inline": true,
                    "name": "client_conn_throttle",
                  },
                  "ref": null,
                  "rendered": null,
                  "type": [Function],
                },
                Object {
                  "instance": null,
                  "key": undefined,
                  "nodeType": "host",
                  "props": Object {
                    "children": <small
                      className="text-muted"
                    >
                      To help mitigate abuse, throttle connections from a single client IP to this number per second. 0 to disable.
                    </small>,
                  },
                  "ref": null,
                  "rendered": Object {
                    "instance": null,
                    "key": undefined,
                    "nodeType": "host",
                    "props": Object {
                      "children": "To help mitigate abuse, throttle connections from a single client IP to this number per second. 0 to disable.",
                      "className": "text-muted",
                    },
                    "ref": null,
                    "rendered": "To help mitigate abuse, throttle connections from a single client IP to this number per second. 0 to disable.",
                    "type": "small",
                  },
                  "type": "div",
                },
              ],
              "type": "div",
            },
          ],
          "type": [Function],
        },
        Object {
          "instance": null,
          "key": undefined,
          "nodeType": "function",
          "props": Object {
            "children": <div
              className="offset-sm-3 col-sm-9"
            >
              <SubmitButton
                className="btn-default"
                disabled={false}
                disabledChildren="Saving"
              >
                Save
              </SubmitButton>
              <FormSummary
                className=""
                errors={Object {}}
                success="Settings saved."
              />
            </div>,
            "className": "row",
          },
          "ref": null,
          "rendered": Object {
            "instance": null,
            "key": undefined,
            "nodeType": "host",
            "props": Object {
              "children": Array [
                <SubmitButton
                  className="btn-default"
                  disabled={false}
                  disabledChildren="Saving"
                >
                  Save
                </SubmitButton>,
                <FormSummary
                  className=""
                  errors={Object {}}
                  success="Settings saved."
                />,
              ],
              "className": "offset-sm-3 col-sm-9",
            },
            "ref": null,
            "rendered": Array [
              Object {
                "instance": null,
                "key": undefined,
                "nodeType": "function",
                "props": Object {
                  "children": "Save",
                  "className": "btn-default",
                  "disabled": false,
                  "disabledChildren": "Saving",
                },
                "ref": null,
                "rendered": "Save",
                "type": [Function],
              },
              Object {
                "instance": null,
                "key": undefined,
                "nodeType": "function",
                "props": Object {
                  "className": "",
                  "errors": Object {},
                  "success": "Settings saved.",
                },
                "ref": null,
                "rendered": null,
                "type": [Function],
              },
            ],
            "type": "div",
          },
          "type": [Function],
        },
      ],
      "type": [Function],
    },
    "type": [Function],
  },
  Symbol(enzyme.__nodes__): Array [
    Object {
      "instance": null,
      "key": undefined,
      "nodeType": "function",
      "props": Object {
        "children": <Form
          analytics={
            Object {
              "title": "NodeBalancer Settings",
            }
          }
          className=""
          noSubmitEvent={false}
          onSubmit={[Function]}
        >
          <div
            className="row"
          >
            <label
              className="col-sm-3 row-label"
            >
              Hostname
            </label>
            <div
              className="col-sm-9"
            >
              nb-1-1-1-1.newark.nodebalancer.linode.com
            </div>
          </div>
          <FormGroup
            className="row"
            errors={Object {}}
            name="label"
          >
            <label
              className="col-sm-3 col-form-label"
              htmlFor="label"
            >
              Label
            </label>
            <div
              className="col-sm-9"
            >
              <Input
                className=""
                id="label"
                name="label"
                onChange={[Function]}
                value="nodebalancer-1"
              />
              <FormGroupError
                className=""
                errors={Object {}}
                inline={true}
                name="label"
              />
            </div>
          </FormGroup>
          <FormGroup
            className="row"
            errors={Object {}}
            name="client_conn_throttle"
          >
            <label
              className="col-sm-3 col-form-label"
              htmlFor="client_conn_throttle"
            >
              Client Connection Throttle
            </label>
            <div
              className="col-sm-9"
            >
              <Input
                className=""
                id="client_conn_throttle"
                name="client_conn_throttle"
                onChange={[Function]}
                type="number"
                value={0}
              />
              <FormGroupError
                className=""
                errors={Object {}}
                inline={true}
                name="client_conn_throttle"
              />
              <div>
                <small
                  className="text-muted"
                >
                  To help mitigate abuse, throttle connections from a single client IP to this number per second. 0 to disable.
                </small>
              </div>
            </div>
          </FormGroup>
          <FormGroup
            className="row"
          >
            <div
              className="offset-sm-3 col-sm-9"
            >
              <SubmitButton
                className="btn-default"
                disabled={false}
                disabledChildren="Saving"
              >
                Save
              </SubmitButton>
              <FormSummary
                className=""
                errors={Object {}}
                success="Settings saved."
              />
            </div>
          </FormGroup>
        </Form>,
        "className": "",
      },
      "ref": null,
      "rendered": Object {
        "instance": null,
        "key": undefined,
        "nodeType": "function",
        "props": Object {
          "analytics": Object {
            "title": "NodeBalancer Settings",
          },
          "children": Array [
            <div
              className="row"
            >
              <label
                className="col-sm-3 row-label"
              >
                Hostname
              </label>
              <div
                className="col-sm-9"
              >
                nb-1-1-1-1.newark.nodebalancer.linode.com
              </div>
            </div>,
            <FormGroup
              className="row"
              errors={Object {}}
              name="label"
            >
              <label
                className="col-sm-3 col-form-label"
                htmlFor="label"
              >
                Label
              </label>
              <div
                className="col-sm-9"
              >
                <Input
                  className=""
                  id="label"
                  name="label"
                  onChange={[Function]}
                  value="nodebalancer-1"
                />
                <FormGroupError
                  className=""
                  errors={Object {}}
                  inline={true}
                  name="label"
                />
              </div>
            </FormGroup>,
            <FormGroup
              className="row"
              errors={Object {}}
              name="client_conn_throttle"
            >
              <label
                className="col-sm-3 col-form-label"
                htmlFor="client_conn_throttle"
              >
                Client Connection Throttle
              </label>
              <div
                className="col-sm-9"
              >
                <Input
                  className=""
                  id="client_conn_throttle"
                  name="client_conn_throttle"
                  onChange={[Function]}
                  type="number"
                  value={0}
                />
                <FormGroupError
                  className=""
                  errors={Object {}}
                  inline={true}
                  name="client_conn_throttle"
                />
                <div>
                  <small
                    className="text-muted"
                  >
                    To help mitigate abuse, throttle connections from a single client IP to this number per second. 0 to disable.
                  </small>
                </div>
              </div>
            </FormGroup>,
            <FormGroup
              className="row"
            >
              <div
                className="offset-sm-3 col-sm-9"
              >
                <SubmitButton
                  className="btn-default"
                  disabled={false}
                  disabledChildren="Saving"
                >
                  Save
                </SubmitButton>
                <FormSummary
                  className=""
                  errors={Object {}}
                  success="Settings saved."
                />
              </div>
            </FormGroup>,
          ],
          "className": "",
          "noSubmitEvent": false,
          "onSubmit": [Function],
        },
        "ref": null,
        "rendered": Array [
          Object {
            "instance": null,
            "key": undefined,
            "nodeType": "host",
            "props": Object {
              "children": Array [
                <label
                  className="col-sm-3 row-label"
                >
                  Hostname
                </label>,
                <div
                  className="col-sm-9"
                >
                  nb-1-1-1-1.newark.nodebalancer.linode.com
                </div>,
              ],
              "className": "row",
            },
            "ref": null,
            "rendered": Array [
              Object {
                "instance": null,
                "key": undefined,
                "nodeType": "host",
                "props": Object {
                  "children": "Hostname",
                  "className": "col-sm-3 row-label",
                },
                "ref": null,
                "rendered": "Hostname",
                "type": "label",
              },
              Object {
                "instance": null,
                "key": undefined,
                "nodeType": "host",
                "props": Object {
                  "children": "nb-1-1-1-1.newark.nodebalancer.linode.com",
                  "className": "col-sm-9",
                },
                "ref": null,
                "rendered": "nb-1-1-1-1.newark.nodebalancer.linode.com",
                "type": "div",
              },
            ],
            "type": "div",
          },
          Object {
            "instance": null,
            "key": undefined,
            "nodeType": "function",
            "props": Object {
              "children": Array [
                <label
                  className="col-sm-3 col-form-label"
                  htmlFor="label"
                >
                  Label
                </label>,
                <div
                  className="col-sm-9"
                >
                  <Input
                    className=""
                    id="label"
                    name="label"
                    onChange={[Function]}
                    value="nodebalancer-1"
                  />
                  <FormGroupError
                    className=""
                    errors={Object {}}
                    inline={true}
                    name="label"
                  />
                </div>,
              ],
              "className": "row",
              "errors": Object {},
              "name": "label",
            },
            "ref": null,
            "rendered": Array [
              Object {
                "instance": null,
                "key": undefined,
                "nodeType": "host",
                "props": Object {
                  "children": "Label",
                  "className": "col-sm-3 col-form-label",
                  "htmlFor": "label",
                },
                "ref": null,
                "rendered": "Label",
                "type": "label",
              },
              Object {
                "instance": null,
                "key": undefined,
                "nodeType": "host",
                "props": Object {
                  "children": Array [
                    <Input
                      className=""
                      id="label"
                      name="label"
                      onChange={[Function]}
                      value="nodebalancer-1"
                    />,
                    <FormGroupError
                      className=""
                      errors={Object {}}
                      inline={true}
                      name="label"
                    />,
                  ],
                  "className": "col-sm-9",
                },
                "ref": null,
                "rendered": Array [
                  Object {
                    "instance": null,
                    "key": undefined,
                    "nodeType": "function",
                    "props": Object {
                      "className": "",
                      "id": "label",
                      "name": "label",
                      "onChange": [Function],
                      "value": "nodebalancer-1",
                    },
                    "ref": null,
                    "rendered": null,
                    "type": [Function],
                  },
                  Object {
                    "instance": null,
                    "key": undefined,
                    "nodeType": "function",
                    "props": Object {
                      "className": "",
                      "errors": Object {},
                      "inline": true,
                      "name": "label",
                    },
                    "ref": null,
                    "rendered": null,
                    "type": [Function],
                  },
                ],
                "type": "div",
              },
            ],
            "type": [Function],
          },
          Object {
            "instance": null,
            "key": undefined,
            "nodeType": "function",
            "props": Object {
              "children": Array [
                <label
                  className="col-sm-3 col-form-label"
                  htmlFor="client_conn_throttle"
                >
                  Client Connection Throttle
                </label>,
                <div
                  className="col-sm-9"
                >
                  <Input
                    className=""
                    id="client_conn_throttle"
                    name="client_conn_throttle"
                    onChange={[Function]}
                    type="number"
                    value={0}
                  />
                  <FormGroupError
                    className=""
                    errors={Object {}}
                    inline={true}
                    name="client_conn_throttle"
                  />
                  <div>
                    <small
                      className="text-muted"
                    >
                      To help mitigate abuse, throttle connections from a single client IP to this number per second. 0 to disable.
                    </small>
                  </div>
                </div>,
              ],
              "className": "row",
              "errors": Object {},
              "name": "client_conn_throttle",
            },
            "ref": null,
            "rendered": Array [
              Object {
                "instance": null,
                "key": undefined,
                "nodeType": "host",
                "props": Object {
                  "children": "Client Connection Throttle",
                  "className": "col-sm-3 col-form-label",
                  "htmlFor": "client_conn_throttle",
                },
                "ref": null,
                "rendered": "Client Connection Throttle",
                "type": "label",
              },
              Object {
                "instance": null,
                "key": undefined,
                "nodeType": "host",
                "props": Object {
                  "children": Array [
                    <Input
                      className=""
                      id="client_conn_throttle"
                      name="client_conn_throttle"
                      onChange={[Function]}
                      type="number"
                      value={0}
                    />,
                    <FormGroupError
                      className=""
                      errors={Object {}}
                      inline={true}
                      name="client_conn_throttle"
                    />,
                    <div>
                      <small
                        className="text-muted"
                      >
                        To help mitigate abuse, throttle connections from a single client IP to this number per second. 0 to disable.
                      </small>
                    </div>,
                  ],
                  "className": "col-sm-9",
                },
                "ref": null,
                "rendered": Array [
                  Object {
                    "instance": null,
                    "key": undefined,
                    "nodeType": "function",
                    "props": Object {
                      "className": "",
                      "id": "client_conn_throttle",
                      "name": "client_conn_throttle",
                      "onChange": [Function],
                      "type": "number",
                      "value": 0,
                    },
                    "ref": null,
                    "rendered": null,
                    "type": [Function],
                  },
                  Object {
                    "instance": null,
                    "key": undefined,
                    "nodeType": "function",
                    "props": Object {
                      "className": "",
                      "errors": Object {},
                      "inline": true,
                      "name": "client_conn_throttle",
                    },
                    "ref": null,
                    "rendered": null,
                    "type": [Function],
                  },
                  Object {
                    "instance": null,
                    "key": undefined,
                    "nodeType": "host",
                    "props": Object {
                      "children": <small
                        className="text-muted"
                      >
                        To help mitigate abuse, throttle connections from a single client IP to this number per second. 0 to disable.
                      </small>,
                    },
                    "ref": null,
                    "rendered": Object {
                      "instance": null,
                      "key": undefined,
                      "nodeType": "host",
                      "props": Object {
                        "children": "To help mitigate abuse, throttle connections from a single client IP to this number per second. 0 to disable.",
                        "className": "text-muted",
                      },
                      "ref": null,
                      "rendered": "To help mitigate abuse, throttle connections from a single client IP to this number per second. 0 to disable.",
                      "type": "small",
                    },
                    "type": "div",
                  },
                ],
                "type": "div",
              },
            ],
            "type": [Function],
          },
          Object {
            "instance": null,
            "key": undefined,
            "nodeType": "function",
            "props": Object {
              "children": <div
                className="offset-sm-3 col-sm-9"
              >
                <SubmitButton
                  className="btn-default"
                  disabled={false}
                  disabledChildren="Saving"
                >
                  Save
                </SubmitButton>
                <FormSummary
                  className=""
                  errors={Object {}}
                  success="Settings saved."
                />
              </div>,
              "className": "row",
            },
            "ref": null,
            "rendered": Object {
              "instance": null,
              "key": undefined,
              "nodeType": "host",
              "props": Object {
                "children": Array [
                  <SubmitButton
                    className="btn-default"
                    disabled={false}
                    disabledChildren="Saving"
                  >
                    Save
                  </SubmitButton>,
                  <FormSummary
                    className=""
                    errors={Object {}}
                    success="Settings saved."
                  />,
                ],
                "className": "offset-sm-3 col-sm-9",
              },
              "ref": null,
              "rendered": Array [
                Object {
                  "instance": null,
                  "key": undefined,
                  "nodeType": "function",
                  "props": Object {
                    "children": "Save",
                    "className": "btn-default",
                    "disabled": false,
                    "disabledChildren": "Saving",
                  },
                  "ref": null,
                  "rendered": "Save",
                  "type": [Function],
                },
                Object {
                  "instance": null,
                  "key": undefined,
                  "nodeType": "function",
                  "props": Object {
                    "className": "",
                    "errors": Object {},
                    "success": "Settings saved.",
                  },
                  "ref": null,
                  "rendered": null,
                  "type": [Function],
                },
              ],
              "type": "div",
            },
            "type": [Function],
          },
        ],
        "type": [Function],
      },
      "type": [Function],
    },
  ],
  Symbol(enzyme.__options__): Object {
    "adapter": ReactFifteenAdapter {
      "options": Object {
        "supportPrevContextArgumentOfComponentDidUpdate": true,
      },
    },
  },
}
`;
